// Jest Snapshot v1, https://goo.gl/fbAQLP

exports[`TaskSnapshot should take a snapshot of a task's internal state 1`] = `
TaskSnapshot {
  "archivedAt": null,
  "createdAt": 1977-01-01T00:00:00.000Z,
  "description": DescriptionValueObject {
    "props": Object {
      "value": "Lorem ipsum",
    },
  },
  "editedAt": null,
  "isArchived": false,
  "isTickedOff": false,
  "resumedAt": null,
  "taskId": TaskIdEntity {
    "_id": UniqueEntityId {
      "value": "8597ccd9-4237-44a6-b434-8836693c4b51",
    },
    "props": null,
  },
  "tickedOffAt": null,
}
`;
